Found 42 HTML files in C:\Users\mypra\Desktop\VibeCoding指南\skills测评项目\01-前端设计技能测评\03-产出\minimaxM3
  [airline] OK: m3_design-taste-frontend_airline
  [ev_charging] OK: m3_design-taste-frontend_ev_charging
  [fleet_ops] OK: m3_design-taste-frontend_fleet_ops
  [airline] OK: m3_frontend-design-pro_airline
  [ev_charging] OK: m3_frontend-design-pro_ev_charging
  [fleet_ops] OK: m3_frontend-design-pro_fleet_ops
  [airline] OK: m3_frontend-design_airline
  [ev_charging] OK: m3_frontend-design_ev_charging
  [fleet_ops] OK: m3_frontend-design_fleet_ops
  [airline] OK: m3_impeccable_airline
  [ev_charging] OK: m3_impeccable_ev_charging
  [fleet_ops] OK: m3_impeccable_fleet_ops
  [airline] OK: m3_modern-frontend-design_airline
  [ev_charging] OK: m3_modern-frontend-design_ev_charging
  [fleet_ops] OK: m3_modern-frontend-design_fleet_ops
  [airline] OK: m3_modern-web-design_airline
  [ev_charging] OK: m3_modern-web-design_ev_charging
  [fleet_ops] OK: m3_modern-web-design_fleet_ops
  [airline] OK: m3_nuxt-ui_airline
  [ev_charging] OK: m3_nuxt-ui_ev_charging
  [fleet_ops] OK: m3_nuxt-ui_fleet_ops
  [airline] OK: m3_shadcn_airline
  [ev_charging] OK: m3_shadcn_ev_charging
  [fleet_ops] OK: m3_shadcn_fleet_ops
  [airline] OK: m3_sleek-design-mobile-apps_airline
  [ev_charging] OK: m3_sleek-design-mobile-apps_ev_charging
  [fleet_ops] OK: m3_sleek-design-mobile-apps_fleet_ops
  [airline] OK: m3_stitch-design_airline
  [ev_charging] OK: m3_stitch-design_ev_charging
  [fleet_ops] OK: m3_stitch-design_fleet_ops
  [airline] OK: m3_superdesign_airline
  [ev_charging] OK: m3_superdesign_ev_charging
  [fleet_ops] OK: m3_superdesign_fleet_ops
  [airline] OK: m3_taste-skill_airline
  [ev_charging] OK: m3_taste-skill_ev_charging
  [fleet_ops] OK: m3_taste-skill_fleet_ops
  [airline] OK: m3_ui-ux-pro-max_airline
  [ev_charging] OK: m3_ui-ux-pro-max_ev_charging
  [fleet_ops] OK: m3_ui-ux-pro-max_fleet_ops
  [airline] OK: m3_web-design-guidelines_airline
  [ev_charging] OK: m3_web-design-guidelines_ev_charging
  [fleet_ops] OK: m3_web-design-guidelines_fleet_ops

No console/page errors detected.

Done. 42 OK / 0 FAIL. Screenshots: C:\Users\mypra\Desktop\VibeCoding指南\skills测评项目\01-前端设计技能测评\05-报告\展厅\assets\screenshots\m3
