[1/14] mimoV25-design-taste-frontend-ev-charging.html
FAIL: mimoV25-design-taste-frontend-ev-charging.html - Page.wait_for_selector: Timeout 10000ms exceeded.
Call log:
  - waiting for locator(".phone-frame") to be visible

[2/14] mimoV25-frontend-design-ev-charging.html
OK: mimoV25-frontend-design-ev-charging.html
[3/14] mimoV25-frontend-design-pro-ev-charging.html
FAIL: mimoV25-frontend-design-pro-ev-charging.html - Page.wait_for_selector: Timeout 10000ms exceeded.
Call log:
  - waiting for locator(".phone-frame") to be visible

[4/14] mimoV25-impeccable-ev-charging.html
FAIL: mimoV25-impeccable-ev-charging.html - Page.wait_for_selector: Timeout 10000ms exceeded.
Call log:
  - waiting for locator(".phone-frame") to be visible

[5/14] mimoV25-modern-frontend-design-ev-charging.html
FAIL: mimoV25-modern-frontend-design-ev-charging.html - Page.wait_for_selector: Timeout 10000ms exceeded.
Call log:
  - waiting for locator(".phone-frame") to be visible

[6/14] mimoV25-modern-web-design-ev-charging.html
FAIL: mimoV25-modern-web-design-ev-charging.html - Page.wait_for_selector: Timeout 10000ms exceeded.
Call log:
  - waiting for locator(".phone-frame") to be visible

[7/14] mimoV25-nuxt-ui-ev-charging.html
FAIL: mimoV25-nuxt-ui-ev-charging.html - Page.wait_for_selector: Timeout 10000ms exceeded.
Call log:
  - waiting for locator(".phone-frame") to be visible

[8/14] mimoV25-shadcn-ev-charging.html
FAIL: mimoV25-shadcn-ev-charging.html - Page.wait_for_selector: Timeout 10000ms exceeded.
Call log:
  - waiting for locator(".phone-frame") to be visible

[9/14] mimoV25-sleek-design-mobile-apps-ev-charging.html
FAIL: mimoV25-sleek-design-mobile-apps-ev-charging.html - Page.wait_for_selector: Timeout 10000ms exceeded.
Call log:
  - waiting for locator(".phone-frame") to be visible

[10/14] mimoV25-stitch-design-ev-charging.html
FAIL: mimoV25-stitch-design-ev-charging.html - Page.wait_for_selector: Timeout 10000ms exceeded.
Call log:
  - waiting for locator(".phone-frame") to be visible

[11/14] mimoV25-superdesign-ev-charging.html
FAIL: mimoV25-superdesign-ev-charging.html - Page.wait_for_selector: Timeout 10000ms exceeded.
Call log:
  - waiting for locator(".phone-frame") to be visible

[12/14] mimoV25-taste-skill-ev-charging.html
FAIL: mimoV25-taste-skill-ev-charging.html - Page.wait_for_selector: Timeout 10000ms exceeded.
Call log:
  - waiting for locator(".phone-frame") to be visible

[13/14] mimoV25-ui-ux-pro-max-ev-charging.html
FAIL: mimoV25-ui-ux-pro-max-ev-charging.html - Page.wait_for_selector: Timeout 10000ms exceeded.
Call log:
  - waiting for locator(".phone-frame") to be visible

[14/14] mimoV25-web-design-guidelines-ev-charging.html
FAIL: mimoV25-web-design-guidelines-ev-charging.html - Page.wait_for_selector: Timeout 10000ms exceeded.
Call log:
  - waiting for locator(".phone-frame") to be visible

All Mimo V2.5 charging screenshots done!
