[1/14] mimoV25-design-taste-frontend-ev-charging.html
OK: mimoV25-design-taste-frontend-ev-charging.html
[2/14] mimoV25-frontend-design-ev-charging.html
OK: mimoV25-frontend-design-ev-charging.html
[3/14] mimoV25-frontend-design-pro-ev-charging.html
OK: mimoV25-frontend-design-pro-ev-charging.html
[4/14] mimoV25-impeccable-ev-charging.html
OK: mimoV25-impeccable-ev-charging.html
[5/14] mimoV25-modern-frontend-design-ev-charging.html
OK: mimoV25-modern-frontend-design-ev-charging.html
[6/14] mimoV25-modern-web-design-ev-charging.html
OK: mimoV25-modern-web-design-ev-charging.html
[7/14] mimoV25-nuxt-ui-ev-charging.html
OK: mimoV25-nuxt-ui-ev-charging.html
[8/14] mimoV25-shadcn-ev-charging.html
OK: mimoV25-shadcn-ev-charging.html
[9/14] mimoV25-sleek-design-mobile-apps-ev-charging.html
OK: mimoV25-sleek-design-mobile-apps-ev-charging.html
[10/14] mimoV25-stitch-design-ev-charging.html
OK: mimoV25-stitch-design-ev-charging.html
[11/14] mimoV25-superdesign-ev-charging.html
OK: mimoV25-superdesign-ev-charging.html
[12/14] mimoV25-taste-skill-ev-charging.html
OK: mimoV25-taste-skill-ev-charging.html
[13/14] mimoV25-ui-ux-pro-max-ev-charging.html
OK: mimoV25-ui-ux-pro-max-ev-charging.html
[14/14] mimoV25-web-design-guidelines-ev-charging.html
OK: mimoV25-web-design-guidelines-ev-charging.html
All Mimo V2.5 charging screenshots done!
